INFO:MediaRender:MediaRender: mediaRender1 -t -e 1.1 @ MediaRender1.MediaRenderAdapter
INFO:MediaRender:Bound to MediaServer 'mediaServer1'
INFO:MediaRender:Reproducción detenida.
INFO:MediaRender:Cargando playlist: Portal 2 Soundtrack Volume 1
INFO:MediaRender:Current track set to: Portal2-01-Science_is_Fun
INFO:GstPlayer:Playing...
INFO:MediaRender:Reproduciendo: Portal2-01-Science_is_Fun
INFO:MediaRender:Reproducción pausada.
INFO:MediaRender:Reanudando reproducción...
INFO:MediaRender:Siguiente: Cargando track 1
INFO:GstPlayer:Stopped.
INFO:MediaRender:Reproducción detenida.
INFO:GstPlayer:Playing...
INFO:MediaRender:Reproduciendo: Portal2-02-Concentration_Enhancing_Menu_Initialiser
INFO:MediaRender:Current track set to: Portal2-02-Concentration_Enhancing_Menu_Initialiser
INFO:MediaRender:Anterior: Cargando track Portal2-01-Science_is_Fun.mp3
INFO:GstPlayer:Stopped.
INFO:MediaRender:Reproducción detenida.
INFO:GstPlayer:Playing...
INFO:MediaRender:Reproduciendo: Portal2-01-Science_is_Fun
INFO:MediaRender:Current track set to: Portal2-01-Science_is_Fun
INFO:GstPlayer:Stopped.
INFO:MediaRender:Reproducción detenida.
INFO:MediaRender:Shutdown
INFO:GstPlayer:Shutdown complete.
